border_size=1
usage=map

Gg          , Gg          , Gg          , Gg          , Gg          , Gg          , Gg          , Gg          , Gg          , Gg          , Gg          , Gg          , Gg          , Gg          , Ww          , Gg          , Gg          , Gg          , Gg          , Gg          , Gg          , Gg          
Gg          , Gg          , Gg          , Gg          , Gg          , Gg          , Gg          , Gg          , Gg          , Gg          , Gg          , Gg          , Gg          , Gg          , Gg          , Ww          , Gg          , Gg          , Gg          , Gg          , Gg          , Gg          
Gg          , Gg          , Gg          , Gg          , Gg          , Gg          , Gg          , Gg          , Gg          , Gg          , Gg          , Gg          , Gg          , Gg          , Gg          , Ww          , Gg          , Gg          , Gg          , Gg          , Gg          , Gg          
Gg          , Gg          , Gg          , Gg          , Gg          , Gg          , Gg          , Gg          , Gg          , Gg          , Gg          , Gg          , Re          , Re          , Re          , Ww          , Gg          , Gg          , Gg          , Gg          , Gg          , Gg          
Gg          , Gg          , Gg          , Gg          , Gg          , Gg          , Gg          , Gg          , Gg          , Gg          , Gg          , Re          , Gg          , Gg^Ve       , Gg          , Ww^Bw\      , Re          , Gg          , Gg^Vh       , Gg          , Gg          , Gg          
Re          , Gg          , Gg          , Gg          , Gg          , Gg          , Ce          , Gg          , Gg          , Gg          , Gg^Vh       , Re          , Gg          , Gg          , Ww          , Ww          , Gg          , Re          , Re          , Gg          , Gg^Ve       , Gg          
Gg          , Re          , Re          , Gg          , Ce          , Ce          , 2 Ke        , Ce          , Ce          , Gg          , Re          , Re          , Gg          , Ww          , Gg          , Gg          , Gg          , Gg          , Gg          , Re          , Re          , Gg          
Gg          , Gg          , Gg          , Re          , Re          , Ce          , Ce          , Ce          , Re          , Re          , Gg          , Gg          , Ss          , Ww          , Ww          , Gg          , Gg          , Gg          , Gg^Ve       , Gg          , Gg          , Re          
Gg          , Gg          , Gg          , Gg^Ve       , Gg          , Re          , Re          , Re          , Gg          , Gg          , Gg          , Gg          , Ss          , Ss          , Ss          , Ww          , Gg          , Gg          , Gg          , Gg          , Gg          , Gg          
Gg          , Gg          , Gg          , Gg          , Gg          , Gg          , Re          , Gg          , Gg          , Gg          , Ww          , Ww          , Ww          , Ww          , Ww          , Ww          , Gg          , Gg          , Gg          , Gg          , Gg          , Gg          
Gg          , Gg          , Gg          , Gg          , Gg          , Gg          , Re          , Gg          , Ww          , Ww          , Gg          , Gg          , Gg          , Gg          , Gg          , Gg          , Gg          , Gg          , Gg          , Gg          , Gg          , Gg          
Gg          , Gg          , Gg          , Gg          , Gg          , Gg          , Re          , Gg          , Ww          , Gg          , Gg          , Gg^Ve       , Gg          , Gg          , Hh          , Gg          , Hh          , Hh          , Hh          , Hh          , Hh          , Gg          
Gg          , Gg          , Gg          , Gg          , Ww          , Ww          , Ww          , Ww^Bw\      , Re          , Gg          , Gg          , Gg          , Gg          , Gg          , Hh          , Hh^Vhh      , Hh          , Hh          , Mm          , Mm          , Mm          , Mm          
Gg          , Gg          , Gg          , Ww          , Ss          , Ss          , Ss          , Gg          , Re          , Gg          , Gg          , Gg          , Gg          , Gg          , Hh          , Hh          , Mm          , Mm          , Mm^Xm       , Mm          , Mm          , Mm          
Gg          , Gg^Vh       , Gg          , Ww          , Ss          , Ss          , Gg          , Re          , Gg          , Gg          , Gg          , Gg          , Gg          , Hh          , Mm          , Mm          , Mm^Xm       , Mm          , Mm^Xm       , Mm^Xm       , Mm          , Mm          
Gg          , Gg          , Gg          , Ww          , Ww          , Gg          , Gg          , Re          , Re          , Ch          , Gg          , Ch          , Hh          , Hh          , Mm          , Mm          , Mm          , Mm^Xm       , Mm          , Mm          , Mm          , Mm          
Gg          , Gg          , Gg          , Gg          , Gg          , Ww          , Ww          , Ch          , Ww          , Re          , Re          , Gg          , Gg          , Hh          , Ww          , Hh          , Mm          , Mm          , Mm          , Mm          , Mm          , Xu          
Gg          , Gg          , Gg          , Gg          , Gg          , Gg          , Gg          , Ww          , Gg          , Ww          , Ww          , Re          , Ww^Bw\      , Ww          , Ww          , Mm^Vhh      , Xu          , Mm          , Mm          , Mm          , Xu          , Xu          
Gg          , Gg          , Gg          , Gg          , Gg          , Gg          , Mm          , Ch          , Hh          , Gg          , Mm          , Ww          , Ww          , Ww^Bw\      , Cud         , Cud         , Uu          , Xu          , Xu          , Xu          , Xu          , Xu          
Gg          , Gg          , Gg          , Gg          , Hh          , Hh          , Mm          , Mm          , Mm          , Mm^Vhh      , Mm          , Mm          , Xu          , Cud         , Uu          , Uu^Vu       , Cud         , Cud         , Cud         , Xu          , Xu          , Xu          
Gg          , Gg          , Gg          , Gg          , Hh          , Mm          , Mm^Vhh      , Mm          , Mm          , Mm          , Xu          , Xu          , Xu          , Xu          , Xu          , Cud         , Cud         , 1 Kud       , Cud         , Cud         , Uu^Vud      , Uu          
Gg          , Gg          , Gg          , Hh          , Mm          , Mm          , Mm          , Mm          , Xu          , Xu          , Xu          , Xu          , Xu          , Xu          , Xu          , Xu          , Xu          , Cud         , Uu          , Uu          , Uu          , Uu          
